// Jest Snapshot v1, https://goo.gl/fbAQLP

exports[`With snapshots should return initial state 1`] = `
Object {
  "authError": null,
}
`;
