// Jest Snapshot v1, https://goo.gl/fbAQLP

exports[`guesscustomerquery component it matches the snapshot 1`] = `<guesscustomerquery />`;
