// Jest Snapshot v1, https://goo.gl/fbAQLP

exports[`print the initial state 1`] = `undefined`;
